

================================================================
== Synthesis Summary Report of 'mean_float'
================================================================
+ General Information: 
    * Date:           Tue Apr 30 11:51:00 2024
    * Version:        2020.2 (Build 3064766 on Wed Nov 18 09:12:47 MST 2020)
    * Project:        mean_float
    * Solution:       solution1 (Vivado IP Flow Target)
    * Product family: zynq
    * Target device:  xc7z020-clg400-1
    

+ Performance & Resource Estimates: 
    
    PS: '+' for module; 'o' for loop; '*' for dataflow
    +--------------+------+-------+---------+--------+----------+---------+------+----------+------+--------+-----------+----------+-----+
    |    Modules   | Issue|       | Latency | Latency| Iteration|         | Trip |          |      |        |           |          |     |
    |    & Loops   | Type | Slack | (cycles)|  (ns)  |  Latency | Interval| Count| Pipelined| BRAM |   DSP  |     FF    |    LUT   | URAM|
    +--------------+------+-------+---------+--------+----------+---------+------+----------+------+--------+-----------+----------+-----+
    |+ mean_float  |     -|  -0.04|        8|  80.000|         -|        9|     -|        no|     -|  5 (2%)|  454 (~0%)|  816 (1%)|    -|
    +--------------+------+-------+---------+--------+----------+---------+------+----------+------+--------+-----------+----------+-----+

