#-----------------------------------------------------------
# Webtalk v2020.2 (64-bit)
# SW Build 3064766 on Wed Nov 18 09:12:47 MST 2020
# IP Build 3064653 on Wed Nov 18 14:17:31 MST 2020
# Start of session at: Thu May 23 18:47:01 2024
# Process ID: 6371
# Current directory: /home/usuario/Escritorio/Tesis/IP_V3/punto_flotante/analytic_signal/AXI_Real2Complex/solution1/sim/vhdl
# Command line: wbtcv -mode batch -source /home/usuario/Escritorio/Tesis/IP_V3/punto_flotante/analytic_signal/AXI_Real2Complex/solution1/sim/vhdl/xsim.dir/AXI_Real2Complex/webtalk/xsim_webtalk.tcl -notrace
# Log file: /home/usuario/Escritorio/Tesis/IP_V3/punto_flotante/analytic_signal/AXI_Real2Complex/solution1/sim/vhdl/webtalk.log
# Journal file: /home/usuario/Escritorio/Tesis/IP_V3/punto_flotante/analytic_signal/AXI_Real2Complex/solution1/sim/vhdl/webtalk.jou
#-----------------------------------------------------------
source /home/usuario/Escritorio/Tesis/IP_V3/punto_flotante/analytic_signal/AXI_Real2Complex/solution1/sim/vhdl/xsim.dir/AXI_Real2Complex/webtalk/xsim_webtalk.tcl -notrace
