

================================================================
== Synthesis Summary Report of 'axi_polar_translate'
================================================================
+ General Information: 
    * Date:           Fri May 31 11:25:13 2024
    * Version:        2020.2 (Build 3064766 on Wed Nov 18 09:12:47 MST 2020)
    * Project:        axi_polar_translate
    * Solution:       solution1 (Vivado IP Flow Target)
    * Product family: zynq
    * Target device:  xc7z020-clg400-1
    

+ Performance & Resource Estimates: 
    
    PS: '+' for module; 'o' for loop; '*' for dataflow
    +---------------------------------------------------------------------------------------------+--------+-------+---------+-----------+----------+---------+------+----------+------+---------+-------------+-------------+-----+
    |                                           Modules                                           |  Issue |       | Latency |  Latency  | Iteration|         | Trip |          |      |         |             |             |     |
    |                                           & Loops                                           |  Type  | Slack | (cycles)|    (ns)   |  Latency | Interval| Count| Pipelined| BRAM |   DSP   |      FF     |     LUT     | URAM|
    +---------------------------------------------------------------------------------------------+--------+-------+---------+-----------+----------+---------+------+----------+------+---------+-------------+-------------+-----+
    |+ axi_polar_translate                                                                        |  Timing|   2.49|     1087|  1.087e+04|         -|     1088|     -|        no|     -|  12 (5%)|  18466 (17%)|  46376 (87%)|    -|
    | + grp_atan2_cordic_float_s_fu_60                                                            |       -|  -0.04|       62|    620.000|         -|        1|     -|       yes|     -|   4 (1%)|  14807 (13%)|  20769 (39%)|    -|
    |  + grp_atan2_generic_float_s_fu_169                                                         |       -|  -0.11|       47|    470.000|         -|        1|     -|       yes|     -|        -|    9196 (8%)|  18952 (35%)|    -|
    |   + trunc_ln657_1_addsub_0_0_ap_fixed_43_4_5_3_0_ap_fixed_43_4_5_3_0_bool_s_fu_348          |       -|  -3.00|        0|      0.000|         -|        1|     -|       yes|     -|        -|            -|    143 (~0%)|    -|
    |   + trunc_ln657_4_addsub_0_0_ap_fixed_43_4_5_3_0_ap_fixed_43_4_5_3_0_bool_s_fu_355          |       -|  -3.00|        0|      0.000|         -|        1|     -|       yes|     -|        -|            -|    143 (~0%)|    -|
    |   + trunc_ln657_7_addsub_0_0_ap_fixed_43_4_5_3_0_ap_fixed_43_4_5_3_0_bool_s_fu_362          |       -|  -3.00|        0|      0.000|         -|        1|     -|       yes|     -|        -|            -|    143 (~0%)|    -|
    |   + trunc_ln657_s_addsub_0_0_ap_fixed_43_4_5_3_0_ap_fixed_43_4_5_3_0_bool_s_fu_369          |       -|  -3.00|        0|      0.000|         -|        1|     -|       yes|     -|        -|            -|    143 (~0%)|    -|
    |   + trunc_ln657_12_addsub_0_0_ap_fixed_43_4_5_3_0_ap_fixed_43_4_5_3_0_bool_s_fu_376         |       -|  -3.00|        0|      0.000|         -|        1|     -|       yes|     -|        -|            -|    143 (~0%)|    -|
    |   + trunc_ln657_15_addsub_0_0_ap_fixed_43_4_5_3_0_ap_fixed_43_4_5_3_0_bool_s_fu_383         |       -|  -3.00|        0|      0.000|         -|        1|     -|       yes|     -|        -|            -|    143 (~0%)|    -|
    |   + trunc_ln657_18_addsub_0_0_ap_fixed_43_4_5_3_0_ap_fixed_43_4_5_3_0_bool_s_fu_390         |       -|  -3.00|        0|      0.000|         -|        1|     -|       yes|     -|        -|            -|    143 (~0%)|    -|
    |   + trunc_ln657_21_addsub_0_0_ap_fixed_43_4_5_3_0_ap_fixed_43_4_5_3_0_bool_s_fu_397         |       -|  -3.00|        0|      0.000|         -|        1|     -|       yes|     -|        -|            -|    143 (~0%)|    -|
    |   + trunc_ln657_24_addsub_0_0_ap_fixed_43_4_5_3_0_ap_fixed_43_4_5_3_0_bool_s_fu_404         |       -|  -3.00|        0|      0.000|         -|        1|     -|       yes|     -|        -|            -|    143 (~0%)|    -|
    |   + trunc_ln657_27_addsub_0_0_ap_fixed_43_4_5_3_0_ap_fixed_43_4_5_3_0_bool_s_fu_411         |       -|  -3.00|        0|      0.000|         -|        1|     -|       yes|     -|        -|            -|    143 (~0%)|    -|
    |   + trunc_ln657_30_addsub_0_0_ap_fixed_43_4_5_3_0_ap_fixed_43_4_5_3_0_bool_s_fu_418         |       -|  -3.00|        0|      0.000|         -|        1|     -|       yes|     -|        -|            -|    143 (~0%)|    -|
    |   + trunc_ln657_33_addsub_0_0_ap_fixed_43_4_5_3_0_ap_fixed_43_4_5_3_0_bool_s_fu_425         |       -|  -3.00|        0|      0.000|         -|        1|     -|       yes|     -|        -|            -|    143 (~0%)|    -|
    |   + trunc_ln657_36_addsub_0_0_ap_fixed_43_4_5_3_0_ap_fixed_43_4_5_3_0_bool_s_fu_432         |       -|  -3.00|        0|      0.000|         -|        1|     -|       yes|     -|        -|            -|    143 (~0%)|    -|
    |   + trunc_ln657_39_addsub_0_0_ap_fixed_43_4_5_3_0_ap_fixed_43_4_5_3_0_bool_s_fu_439         |       -|  -3.00|        0|      0.000|         -|        1|     -|       yes|     -|        -|            -|    143 (~0%)|    -|
    |   + trunc_ln657_42_addsub_0_0_ap_fixed_43_4_5_3_0_ap_fixed_43_4_5_3_0_bool_s_fu_446         |       -|  -3.00|        0|      0.000|         -|        1|     -|       yes|     -|        -|            -|    143 (~0%)|    -|
    |   + trunc_ln657_45_addsub_0_0_ap_fixed_43_4_5_3_0_ap_fixed_43_4_5_3_0_bool_s_fu_453         |       -|  -3.00|        0|      0.000|         -|        1|     -|       yes|     -|        -|            -|    143 (~0%)|    -|
    |   + trunc_ln657_48_addsub_0_0_ap_fixed_43_4_5_3_0_ap_fixed_43_4_5_3_0_bool_s_fu_460         |       -|  -3.00|        0|      0.000|         -|        1|     -|       yes|     -|        -|            -|    143 (~0%)|    -|
    |   + trunc_ln657_51_addsub_0_0_ap_fixed_43_4_5_3_0_ap_fixed_43_4_5_3_0_bool_s_fu_467         |       -|  -3.00|        0|      0.000|         -|        1|     -|       yes|     -|        -|            -|    143 (~0%)|    -|
    |   + trunc_ln657_54_addsub_0_0_ap_fixed_43_4_5_3_0_ap_fixed_43_4_5_3_0_bool_s_fu_474         |       -|  -3.00|        0|      0.000|         -|        1|     -|       yes|     -|        -|            -|    143 (~0%)|    -|
    |   + trunc_ln657_57_addsub_0_0_ap_fixed_43_4_5_3_0_ap_fixed_43_4_5_3_0_bool_s_fu_481         |       -|  -3.00|        0|      0.000|         -|        1|     -|       yes|     -|        -|            -|    143 (~0%)|    -|
    |   + trunc_ln657_60_addsub_0_0_ap_fixed_43_4_5_3_0_ap_fixed_43_4_5_3_0_bool_s_fu_488         |       -|  -3.00|        0|      0.000|         -|        1|     -|       yes|     -|        -|            -|    143 (~0%)|    -|
    |   + trunc_ln657_63_addsub_0_0_ap_fixed_43_4_5_3_0_ap_fixed_43_4_5_3_0_bool_s_fu_495         |       -|  -3.00|        0|      0.000|         -|        1|     -|       yes|     -|        -|            -|    143 (~0%)|    -|
    |   + trunc_ln657_66_addsub_0_0_ap_fixed_43_4_5_3_0_ap_fixed_43_4_5_3_0_bool_s_fu_502         |       -|  -3.00|        0|      0.000|         -|        1|     -|       yes|     -|        -|            -|    143 (~0%)|    -|
    |   + trunc_ln657_69_addsub_0_0_ap_fixed_43_4_5_3_0_ap_fixed_43_4_5_3_0_bool_s_fu_509         |       -|  -3.00|        0|      0.000|         -|        1|     -|       yes|     -|        -|            -|    143 (~0%)|    -|
    |   + trunc_ln657_72_addsub_0_0_ap_fixed_43_4_5_3_0_ap_fixed_43_4_5_3_0_bool_s_fu_516         |       -|  -3.00|        0|      0.000|         -|        1|     -|       yes|     -|        -|            -|    143 (~0%)|    -|
    |   + trunc_ln657_75_addsub_0_0_ap_fixed_43_4_5_3_0_ap_fixed_43_4_5_3_0_bool_s_fu_523         |       -|  -3.00|        0|      0.000|         -|        1|     -|       yes|     -|        -|            -|    143 (~0%)|    -|
    |   + trunc_ln657_78_addsub_0_0_ap_fixed_43_4_5_3_0_ap_fixed_43_4_5_3_0_bool_s_fu_530         |       -|  -3.00|        0|      0.000|         -|        1|     -|       yes|     -|        -|            -|    143 (~0%)|    -|
    |   + trunc_ln657_81_addsub_0_0_ap_fixed_43_4_5_3_0_ap_fixed_43_4_5_3_0_bool_s_fu_537         |       -|  -3.00|        0|      0.000|         -|        1|     -|       yes|     -|        -|            -|    143 (~0%)|    -|
    |   + trunc_ln657_84_addsub_0_0_ap_fixed_43_4_5_3_0_ap_fixed_43_4_5_3_0_bool_s_fu_544         |       -|  -3.00|        0|      0.000|         -|        1|     -|       yes|     -|        -|            -|    143 (~0%)|    -|
    |   + trunc_ln657_87_addsub_0_0_ap_fixed_43_4_5_3_0_ap_fixed_43_4_5_3_0_bool_s_fu_551         |       -|  -3.00|        0|      0.000|         -|        1|     -|       yes|     -|        -|            -|    143 (~0%)|    -|
    |   + trunc_ln657_90_addsub_0_0_ap_fixed_43_4_5_3_0_ap_fixed_43_4_5_3_0_bool_s_fu_558         |       -|  -3.00|        0|      0.000|         -|        1|     -|       yes|     -|        -|            -|    143 (~0%)|    -|
    |   + trunc_ln657_93_addsub_0_0_ap_fixed_43_4_5_3_0_ap_fixed_43_4_5_3_0_bool_s_fu_565         |       -|  -3.00|        0|      0.000|         -|        1|     -|       yes|     -|        -|            -|    143 (~0%)|    -|
    |   + trunc_ln657_96_addsub_0_0_ap_fixed_43_4_5_3_0_ap_fixed_43_4_5_3_0_bool_s_fu_572         |       -|  -3.00|        0|      0.000|         -|        1|     -|       yes|     -|        -|            -|    143 (~0%)|    -|
    |   + trunc_ln657_99_addsub_0_0_ap_fixed_43_4_5_3_0_ap_fixed_43_4_5_3_0_bool_s_fu_579         |       -|  -3.00|        0|      0.000|         -|        1|     -|       yes|     -|        -|            -|    143 (~0%)|    -|
    |   + trunc_ln657_102_addsub_0_0_ap_fixed_43_4_5_3_0_ap_fixed_43_4_5_3_0_bool_s_fu_586        |       -|  -3.00|        0|      0.000|         -|        1|     -|       yes|     -|        -|            -|    143 (~0%)|    -|
    |   + trunc_ln657_105_addsub_0_0_ap_fixed_43_4_5_3_0_ap_fixed_43_4_5_3_0_bool_s_fu_593        |       -|  -3.00|        0|      0.000|         -|        1|     -|       yes|     -|        -|            -|    143 (~0%)|    -|
    |   + trunc_ln657_108_addsub_0_0_ap_fixed_43_4_5_3_0_ap_fixed_43_4_5_3_0_bool_s_fu_600        |       -|  -3.00|        0|      0.000|         -|        1|     -|       yes|     -|        -|            -|    143 (~0%)|    -|
    |   + trunc_ln657_111_addsub_0_0_ap_fixed_43_4_5_3_0_ap_fixed_43_4_5_3_0_bool_s_fu_607        |       -|  -3.00|        0|      0.000|         -|        1|     -|       yes|     -|        -|            -|    143 (~0%)|    -|
    |   + trunc_ln657_114_addsub_0_0_ap_fixed_43_4_5_3_0_ap_fixed_43_4_5_3_0_bool_s_fu_614        |       -|  -3.00|        0|      0.000|         -|        1|     -|       yes|     -|        -|            -|    143 (~0%)|    -|
    |   + trunc_ln657_117_addsub_0_0_ap_fixed_43_4_5_3_0_ap_fixed_43_4_5_3_0_bool_s_fu_621        |       -|  -3.00|        0|      0.000|         -|        1|     -|       yes|     -|        -|            -|    143 (~0%)|    -|
    |   + trunc_ln657_119_addsub_0_0_ap_fixed_43_4_5_3_0_ap_fixed_43_4_5_3_0_bool_s_fu_628        |       -|  -3.00|        0|      0.000|         -|        1|     -|       yes|     -|        -|            -|    143 (~0%)|    -|
    |   + trunc_ln_addsub_0_0_ap_fixed_43_4_5_3_0_ap_fixed_43_4_5_3_0_ap_uint_1_s_fu_635          |       -|  -3.00|        0|      0.000|         -|        1|     -|       yes|     -|        -|            -|    143 (~0%)|    -|
    |   + trunc_ln657_3_addsub_0_0_ap_fixed_43_4_5_3_0_ap_fixed_43_4_5_3_0_ap_uint_1_s_fu_642     |       -|  -3.00|        0|      0.000|         -|        1|     -|       yes|     -|        -|            -|    143 (~0%)|    -|
    |   + trunc_ln657_6_addsub_0_0_ap_fixed_43_4_5_3_0_ap_fixed_43_4_5_3_0_ap_uint_1_s_fu_649     |       -|  -3.00|        0|      0.000|         -|        1|     -|       yes|     -|        -|            -|    143 (~0%)|    -|
    |   + trunc_ln657_9_addsub_0_0_ap_fixed_43_4_5_3_0_ap_fixed_43_4_5_3_0_ap_uint_1_s_fu_656     |       -|  -3.00|        0|      0.000|         -|        1|     -|       yes|     -|        -|            -|    143 (~0%)|    -|
    |   + trunc_ln657_11_addsub_0_0_ap_fixed_43_4_5_3_0_ap_fixed_43_4_5_3_0_ap_uint_1_s_fu_663    |       -|  -3.00|        0|      0.000|         -|        1|     -|       yes|     -|        -|            -|    143 (~0%)|    -|
    |   + trunc_ln657_14_addsub_0_0_ap_fixed_43_4_5_3_0_ap_fixed_43_4_5_3_0_ap_uint_1_s_fu_670    |       -|  -3.00|        0|      0.000|         -|        1|     -|       yes|     -|        -|            -|    143 (~0%)|    -|
    |   + trunc_ln657_17_addsub_0_0_ap_fixed_43_4_5_3_0_ap_fixed_43_4_5_3_0_ap_uint_1_s_fu_677    |       -|  -3.00|        0|      0.000|         -|        1|     -|       yes|     -|        -|            -|    143 (~0%)|    -|
    |   + trunc_ln657_20_addsub_0_0_ap_fixed_43_4_5_3_0_ap_fixed_43_4_5_3_0_ap_uint_1_s_fu_684    |       -|  -3.00|        0|      0.000|         -|        1|     -|       yes|     -|        -|            -|    143 (~0%)|    -|
    |   + trunc_ln657_23_addsub_0_0_ap_fixed_43_4_5_3_0_ap_fixed_43_4_5_3_0_ap_uint_1_s_fu_691    |       -|  -3.00|        0|      0.000|         -|        1|     -|       yes|     -|        -|            -|    143 (~0%)|    -|
    |   + trunc_ln657_26_addsub_0_0_ap_fixed_43_4_5_3_0_ap_fixed_43_4_5_3_0_ap_uint_1_s_fu_698    |       -|  -3.00|        0|      0.000|         -|        1|     -|       yes|     -|        -|            -|    143 (~0%)|    -|
    |   + trunc_ln657_29_addsub_0_0_ap_fixed_43_4_5_3_0_ap_fixed_43_4_5_3_0_ap_uint_1_s_fu_705    |       -|  -3.00|        0|      0.000|         -|        1|     -|       yes|     -|        -|            -|    143 (~0%)|    -|
    |   + trunc_ln657_32_addsub_0_0_ap_fixed_43_4_5_3_0_ap_fixed_43_4_5_3_0_ap_uint_1_s_fu_712    |       -|  -3.00|        0|      0.000|         -|        1|     -|       yes|     -|        -|            -|    143 (~0%)|    -|
    |   + trunc_ln657_35_addsub_0_0_ap_fixed_43_4_5_3_0_ap_fixed_43_4_5_3_0_ap_uint_1_s_fu_719    |       -|  -3.00|        0|      0.000|         -|        1|     -|       yes|     -|        -|            -|    143 (~0%)|    -|
    |   + trunc_ln657_38_addsub_0_0_ap_fixed_43_4_5_3_0_ap_fixed_43_4_5_3_0_ap_uint_1_s_fu_726    |       -|  -3.00|        0|      0.000|         -|        1|     -|       yes|     -|        -|            -|    143 (~0%)|    -|
    |   + trunc_ln657_41_addsub_0_0_ap_fixed_43_4_5_3_0_ap_fixed_43_4_5_3_0_ap_uint_1_s_fu_733    |       -|  -3.00|        0|      0.000|         -|        1|     -|       yes|     -|        -|            -|    143 (~0%)|    -|
    |   + trunc_ln657_44_addsub_0_0_ap_fixed_43_4_5_3_0_ap_fixed_43_4_5_3_0_ap_uint_1_s_fu_740    |       -|  -3.00|        0|      0.000|         -|        1|     -|       yes|     -|        -|            -|    143 (~0%)|    -|
    |   + trunc_ln657_47_addsub_0_0_ap_fixed_43_4_5_3_0_ap_fixed_43_4_5_3_0_ap_uint_1_s_fu_747    |       -|  -3.00|        0|      0.000|         -|        1|     -|       yes|     -|        -|            -|    143 (~0%)|    -|
    |   + trunc_ln657_50_addsub_0_0_ap_fixed_43_4_5_3_0_ap_fixed_43_4_5_3_0_ap_uint_1_s_fu_754    |       -|  -3.00|        0|      0.000|         -|        1|     -|       yes|     -|        -|            -|    143 (~0%)|    -|
    |   + trunc_ln657_53_addsub_0_0_ap_fixed_43_4_5_3_0_ap_fixed_43_4_5_3_0_ap_uint_1_s_fu_761    |       -|  -3.00|        0|      0.000|         -|        1|     -|       yes|     -|        -|            -|    143 (~0%)|    -|
    |   + trunc_ln657_56_addsub_0_0_ap_fixed_43_4_5_3_0_ap_fixed_43_4_5_3_0_ap_uint_1_s_fu_768    |       -|  -3.00|        0|      0.000|         -|        1|     -|       yes|     -|        -|            -|    143 (~0%)|    -|
    |   + trunc_ln657_59_addsub_0_0_ap_fixed_43_4_5_3_0_ap_fixed_43_4_5_3_0_ap_uint_1_s_fu_775    |       -|  -3.00|        0|      0.000|         -|        1|     -|       yes|     -|        -|            -|    143 (~0%)|    -|
    |   + trunc_ln657_62_addsub_0_0_ap_fixed_43_4_5_3_0_ap_fixed_43_4_5_3_0_ap_uint_1_s_fu_782    |       -|  -3.00|        0|      0.000|         -|        1|     -|       yes|     -|        -|            -|    143 (~0%)|    -|
    |   + trunc_ln657_65_addsub_0_0_ap_fixed_43_4_5_3_0_ap_fixed_43_4_5_3_0_ap_uint_1_s_fu_789    |       -|  -3.00|        0|      0.000|         -|        1|     -|       yes|     -|        -|            -|    143 (~0%)|    -|
    |   + trunc_ln657_68_addsub_0_0_ap_fixed_43_4_5_3_0_ap_fixed_43_4_5_3_0_ap_uint_1_s_fu_796    |       -|  -3.00|        0|      0.000|         -|        1|     -|       yes|     -|        -|            -|    143 (~0%)|    -|
    |   + trunc_ln657_71_addsub_0_0_ap_fixed_43_4_5_3_0_ap_fixed_43_4_5_3_0_ap_uint_1_s_fu_803    |       -|  -3.00|        0|      0.000|         -|        1|     -|       yes|     -|        -|            -|    143 (~0%)|    -|
    |   + trunc_ln657_74_addsub_0_0_ap_fixed_43_4_5_3_0_ap_fixed_43_4_5_3_0_ap_uint_1_s_fu_810    |       -|  -3.00|        0|      0.000|         -|        1|     -|       yes|     -|        -|            -|    143 (~0%)|    -|
    |   + trunc_ln657_77_addsub_0_0_ap_fixed_43_4_5_3_0_ap_fixed_43_4_5_3_0_ap_uint_1_s_fu_817    |       -|  -3.00|        0|      0.000|         -|        1|     -|       yes|     -|        -|            -|    143 (~0%)|    -|
    |   + trunc_ln657_80_addsub_0_0_ap_fixed_43_4_5_3_0_ap_fixed_43_4_5_3_0_ap_uint_1_s_fu_824    |       -|  -3.00|        0|      0.000|         -|        1|     -|       yes|     -|        -|            -|    143 (~0%)|    -|
    |   + trunc_ln657_83_addsub_0_0_ap_fixed_43_4_5_3_0_ap_fixed_43_4_5_3_0_ap_uint_1_s_fu_831    |       -|  -3.00|        0|      0.000|         -|        1|     -|       yes|     -|        -|            -|    143 (~0%)|    -|
    |   + trunc_ln657_86_addsub_0_0_ap_fixed_43_4_5_3_0_ap_fixed_43_4_5_3_0_ap_uint_1_s_fu_838    |       -|  -3.00|        0|      0.000|         -|        1|     -|       yes|     -|        -|            -|    143 (~0%)|    -|
    |   + trunc_ln657_89_addsub_0_0_ap_fixed_43_4_5_3_0_ap_fixed_43_4_5_3_0_ap_uint_1_s_fu_845    |       -|  -3.00|        0|      0.000|         -|        1|     -|       yes|     -|        -|            -|    143 (~0%)|    -|
    |   + trunc_ln657_92_addsub_0_0_ap_fixed_43_4_5_3_0_ap_fixed_43_4_5_3_0_ap_uint_1_s_fu_852    |       -|  -3.00|        0|      0.000|         -|        1|     -|       yes|     -|        -|            -|    143 (~0%)|    -|
    |   + trunc_ln657_95_addsub_0_0_ap_fixed_43_4_5_3_0_ap_fixed_43_4_5_3_0_ap_uint_1_s_fu_859    |       -|  -3.00|        0|      0.000|         -|        1|     -|       yes|     -|        -|            -|    143 (~0%)|    -|
    |   + trunc_ln657_98_addsub_0_0_ap_fixed_43_4_5_3_0_ap_fixed_43_4_5_3_0_ap_uint_1_s_fu_866    |       -|  -3.00|        0|      0.000|         -|        1|     -|       yes|     -|        -|            -|    143 (~0%)|    -|
    |   + trunc_ln657_101_addsub_0_0_ap_fixed_43_4_5_3_0_ap_fixed_43_4_5_3_0_ap_uint_1_s_fu_873   |       -|  -3.00|        0|      0.000|         -|        1|     -|       yes|     -|        -|            -|    143 (~0%)|    -|
    |   + trunc_ln657_104_addsub_0_0_ap_fixed_43_4_5_3_0_ap_fixed_43_4_5_3_0_ap_uint_1_s_fu_880   |       -|  -3.00|        0|      0.000|         -|        1|     -|       yes|     -|        -|            -|    143 (~0%)|    -|
    |   + trunc_ln657_107_addsub_0_0_ap_fixed_43_4_5_3_0_ap_fixed_43_4_5_3_0_ap_uint_1_s_fu_887   |       -|  -3.00|        0|      0.000|         -|        1|     -|       yes|     -|        -|            -|    143 (~0%)|    -|
    |   + trunc_ln657_110_addsub_0_0_ap_fixed_43_4_5_3_0_ap_fixed_43_4_5_3_0_ap_uint_1_s_fu_894   |       -|  -3.00|        0|      0.000|         -|        1|     -|       yes|     -|        -|            -|    143 (~0%)|    -|
    |   + trunc_ln657_113_addsub_0_0_ap_fixed_43_4_5_3_0_ap_fixed_43_4_5_3_0_ap_uint_1_s_fu_901   |       -|  -3.00|        0|      0.000|         -|        1|     -|       yes|     -|        -|            -|    143 (~0%)|    -|
    |   + trunc_ln657_116_addsub_0_0_ap_fixed_43_4_5_3_0_ap_fixed_43_4_5_3_0_ap_uint_1_s_fu_908   |       -|  -3.00|        0|      0.000|         -|        1|     -|       yes|     -|        -|            -|    143 (~0%)|    -|
    |   + trunc_ln657_2_addsub_0_0_ap_fixed_40_1_5_3_0_ap_fixed_40_1_0_3_0_ap_uint_1_s_fu_915     |       -|  -2.86|        0|      0.000|         -|        1|     -|       yes|     -|        -|            -|    134 (~0%)|    -|
    |   + trunc_ln657_5_addsub_0_0_ap_fixed_40_1_5_3_0_ap_fixed_40_1_0_3_0_ap_uint_1_s_fu_924     |       -|  -2.86|        0|      0.000|         -|        1|     -|       yes|     -|        -|            -|    134 (~0%)|    -|
    |   + trunc_ln657_8_addsub_0_0_ap_fixed_40_1_5_3_0_ap_fixed_40_1_0_3_0_ap_uint_1_s_fu_932     |       -|  -2.86|        0|      0.000|         -|        1|     -|       yes|     -|        -|            -|    134 (~0%)|    -|
    |   + trunc_ln657_10_addsub_0_0_ap_fixed_40_1_5_3_0_ap_fixed_40_1_0_3_0_ap_uint_1_s_fu_940    |       -|  -2.86|        0|      0.000|         -|        1|     -|       yes|     -|        -|            -|    134 (~0%)|    -|
    |   + trunc_ln657_13_addsub_0_0_ap_fixed_40_1_5_3_0_ap_fixed_40_1_0_3_0_ap_uint_1_s_fu_948    |       -|  -2.86|        0|      0.000|         -|        1|     -|       yes|     -|        -|            -|    134 (~0%)|    -|
    |   + trunc_ln657_16_addsub_0_0_ap_fixed_40_1_5_3_0_ap_fixed_40_1_0_3_0_ap_uint_1_s_fu_956    |       -|  -2.86|        0|      0.000|         -|        1|     -|       yes|     -|        -|            -|    134 (~0%)|    -|
    |   + trunc_ln657_19_addsub_0_0_ap_fixed_40_1_5_3_0_ap_fixed_40_1_0_3_0_ap_uint_1_s_fu_964    |       -|  -2.86|        0|      0.000|         -|        1|     -|       yes|     -|        -|            -|    134 (~0%)|    -|
    |   + trunc_ln657_22_addsub_0_0_ap_fixed_40_1_5_3_0_ap_fixed_40_1_0_3_0_ap_uint_1_s_fu_972    |       -|  -2.86|        0|      0.000|         -|        1|     -|       yes|     -|        -|            -|    134 (~0%)|    -|
    |   + trunc_ln657_25_addsub_0_0_ap_fixed_40_1_5_3_0_ap_fixed_40_1_0_3_0_ap_uint_1_s_fu_980    |       -|  -2.86|        0|      0.000|         -|        1|     -|       yes|     -|        -|            -|    134 (~0%)|    -|
    |   + trunc_ln657_28_addsub_0_0_ap_fixed_40_1_5_3_0_ap_fixed_40_1_0_3_0_ap_uint_1_s_fu_988    |       -|  -2.86|        0|      0.000|         -|        1|     -|       yes|     -|        -|            -|    134 (~0%)|    -|
    |   + trunc_ln657_31_addsub_0_0_ap_fixed_40_1_5_3_0_ap_fixed_40_1_0_3_0_ap_uint_1_s_fu_996    |       -|  -2.86|        0|      0.000|         -|        1|     -|       yes|     -|        -|            -|    134 (~0%)|    -|
    |   + trunc_ln657_34_addsub_0_0_ap_fixed_40_1_5_3_0_ap_fixed_40_1_0_3_0_ap_uint_1_s_fu_1004   |       -|  -2.86|        0|      0.000|         -|        1|     -|       yes|     -|        -|            -|    134 (~0%)|    -|
    |   + trunc_ln657_37_addsub_0_0_ap_fixed_40_1_5_3_0_ap_fixed_40_1_0_3_0_ap_uint_1_s_fu_1012   |       -|  -2.86|        0|      0.000|         -|        1|     -|       yes|     -|        -|            -|    134 (~0%)|    -|
    |   + trunc_ln657_40_addsub_0_0_ap_fixed_40_1_5_3_0_ap_fixed_40_1_0_3_0_ap_uint_1_s_fu_1020   |       -|  -2.86|        0|      0.000|         -|        1|     -|       yes|     -|        -|            -|    134 (~0%)|    -|
    |   + trunc_ln657_43_addsub_0_0_ap_fixed_40_1_5_3_0_ap_fixed_40_1_0_3_0_ap_uint_1_s_fu_1028   |       -|  -2.86|        0|      0.000|         -|        1|     -|       yes|     -|        -|            -|    134 (~0%)|    -|
    |   + trunc_ln657_46_addsub_0_0_ap_fixed_40_1_5_3_0_ap_fixed_40_1_0_3_0_ap_uint_1_s_fu_1036   |       -|  -2.86|        0|      0.000|         -|        1|     -|       yes|     -|        -|            -|    134 (~0%)|    -|
    |   + trunc_ln657_49_addsub_0_0_ap_fixed_40_1_5_3_0_ap_fixed_40_1_0_3_0_ap_uint_1_s_fu_1044   |       -|  -2.86|        0|      0.000|         -|        1|     -|       yes|     -|        -|            -|    134 (~0%)|    -|
    |   + trunc_ln657_52_addsub_0_0_ap_fixed_40_1_5_3_0_ap_fixed_40_1_0_3_0_ap_uint_1_s_fu_1052   |       -|  -2.86|        0|      0.000|         -|        1|     -|       yes|     -|        -|            -|    134 (~0%)|    -|
    |   + trunc_ln657_55_addsub_0_0_ap_fixed_40_1_5_3_0_ap_fixed_40_1_0_3_0_ap_uint_1_s_fu_1060   |       -|  -2.86|        0|      0.000|         -|        1|     -|       yes|     -|        -|            -|    134 (~0%)|    -|
    |   + trunc_ln657_58_addsub_0_0_ap_fixed_40_1_5_3_0_ap_fixed_40_1_0_3_0_ap_uint_1_s_fu_1068   |       -|  -2.86|        0|      0.000|         -|        1|     -|       yes|     -|        -|            -|    134 (~0%)|    -|
    |   + trunc_ln657_61_addsub_0_0_ap_fixed_40_1_5_3_0_ap_fixed_40_1_0_3_0_ap_uint_1_s_fu_1076   |       -|  -2.86|        0|      0.000|         -|        1|     -|       yes|     -|        -|            -|    134 (~0%)|    -|
    |   + trunc_ln657_64_addsub_0_0_ap_fixed_40_1_5_3_0_ap_fixed_40_1_0_3_0_ap_uint_1_s_fu_1084   |       -|  -2.86|        0|      0.000|         -|        1|     -|       yes|     -|        -|            -|    134 (~0%)|    -|
    |   + trunc_ln657_67_addsub_0_0_ap_fixed_40_1_5_3_0_ap_fixed_40_1_0_3_0_ap_uint_1_s_fu_1092   |       -|  -2.86|        0|      0.000|         -|        1|     -|       yes|     -|        -|            -|    134 (~0%)|    -|
    |   + trunc_ln657_70_addsub_0_0_ap_fixed_40_1_5_3_0_ap_fixed_40_1_0_3_0_ap_uint_1_s_fu_1100   |       -|  -2.86|        0|      0.000|         -|        1|     -|       yes|     -|        -|            -|    134 (~0%)|    -|
    |   + trunc_ln657_73_addsub_0_0_ap_fixed_40_1_5_3_0_ap_fixed_40_1_0_3_0_ap_uint_1_s_fu_1108   |       -|  -2.86|        0|      0.000|         -|        1|     -|       yes|     -|        -|            -|    134 (~0%)|    -|
    |   + trunc_ln657_76_addsub_0_0_ap_fixed_40_1_5_3_0_ap_fixed_40_1_0_3_0_ap_uint_1_s_fu_1116   |       -|  -2.86|        0|      0.000|         -|        1|     -|       yes|     -|        -|            -|    134 (~0%)|    -|
    |   + trunc_ln657_79_addsub_0_0_ap_fixed_40_1_5_3_0_ap_fixed_40_1_0_3_0_ap_uint_1_s_fu_1124   |       -|  -2.86|        0|      0.000|         -|        1|     -|       yes|     -|        -|            -|    134 (~0%)|    -|
    |   + trunc_ln657_82_addsub_0_0_ap_fixed_40_1_5_3_0_ap_fixed_40_1_0_3_0_ap_uint_1_s_fu_1132   |       -|  -2.86|        0|      0.000|         -|        1|     -|       yes|     -|        -|            -|    134 (~0%)|    -|
    |   + trunc_ln657_85_addsub_0_0_ap_fixed_40_1_5_3_0_ap_fixed_40_1_0_3_0_ap_uint_1_s_fu_1140   |       -|  -2.86|        0|      0.000|         -|        1|     -|       yes|     -|        -|            -|    134 (~0%)|    -|
    |   + trunc_ln657_88_addsub_0_0_ap_fixed_40_1_5_3_0_ap_fixed_40_1_0_3_0_ap_uint_1_s_fu_1148   |       -|  -2.86|        0|      0.000|         -|        1|     -|       yes|     -|        -|            -|    134 (~0%)|    -|
    |   + trunc_ln657_91_addsub_0_0_ap_fixed_40_1_5_3_0_ap_fixed_40_1_0_3_0_ap_uint_1_s_fu_1156   |       -|  -2.86|        0|      0.000|         -|        1|     -|       yes|     -|        -|            -|    134 (~0%)|    -|
    |   + trunc_ln657_94_addsub_0_0_ap_fixed_40_1_5_3_0_ap_fixed_40_1_0_3_0_ap_uint_1_s_fu_1164   |       -|  -2.86|        0|      0.000|         -|        1|     -|       yes|     -|        -|            -|    134 (~0%)|    -|
    |   + trunc_ln657_97_addsub_0_0_ap_fixed_40_1_5_3_0_ap_fixed_40_1_0_3_0_ap_uint_1_s_fu_1172   |       -|  -2.86|        0|      0.000|         -|        1|     -|       yes|     -|        -|            -|    134 (~0%)|    -|
    |   + trunc_ln657_100_addsub_0_0_ap_fixed_40_1_5_3_0_ap_fixed_40_1_0_3_0_ap_uint_1_s_fu_1180  |       -|  -2.86|        0|      0.000|         -|        1|     -|       yes|     -|        -|            -|    134 (~0%)|    -|
    |   + trunc_ln657_103_addsub_0_0_ap_fixed_40_1_5_3_0_ap_fixed_40_1_0_3_0_ap_uint_1_s_fu_1188  |       -|  -2.86|        0|      0.000|         -|        1|     -|       yes|     -|        -|            -|    134 (~0%)|    -|
    |   + trunc_ln657_106_addsub_0_0_ap_fixed_40_1_5_3_0_ap_fixed_40_1_0_3_0_ap_uint_1_s_fu_1196  |       -|  -2.86|        0|      0.000|         -|        1|     -|       yes|     -|        -|            -|    134 (~0%)|    -|
    |   + trunc_ln657_109_addsub_0_0_ap_fixed_40_1_5_3_0_ap_fixed_40_1_0_3_0_ap_uint_1_s_fu_1204  |       -|  -2.86|        0|      0.000|         -|        1|     -|       yes|     -|        -|            -|    134 (~0%)|    -|
    |   + trunc_ln657_112_addsub_0_0_ap_fixed_40_1_5_3_0_ap_fixed_40_1_0_3_0_ap_uint_1_s_fu_1212  |       -|  -2.86|        0|      0.000|         -|        1|     -|       yes|     -|        -|            -|    134 (~0%)|    -|
    |   + trunc_ln657_115_addsub_0_0_ap_fixed_40_1_5_3_0_ap_fixed_40_1_0_3_0_ap_uint_1_s_fu_1220  |       -|  -2.86|        0|      0.000|         -|        1|     -|       yes|     -|        -|            -|    134 (~0%)|    -|
    |   + trunc_ln657_118_addsub_0_0_ap_fixed_40_1_5_3_0_ap_fixed_40_1_0_3_0_ap_uint_1_s_fu_1228  |       -|  -2.86|        0|      0.000|         -|        1|     -|       yes|     -|        -|            -|    134 (~0%)|    -|
    |   + trunc_ln657_120_addsub_0_0_ap_fixed_40_1_5_3_0_ap_fixed_40_1_0_3_0_ap_uint_1_s_fu_1236  |       -|  -2.86|        0|      0.000|         -|        1|     -|       yes|     -|        -|            -|    134 (~0%)|    -|
    |   + trunc_ln657_121_addsub_0_0_ap_fixed_40_1_5_3_0_ap_fixed_40_1_0_3_0_ap_uint_1_s_fu_1244  |       -|  -2.86|        0|      0.000|         -|        1|     -|       yes|     -|        -|            -|    134 (~0%)|    -|
    +---------------------------------------------------------------------------------------------+--------+-------+---------+-----------+----------+---------+------+----------+------+---------+-------------+-------------+-----+

