

================================================================
== Synthesis Summary Report of 'norm_float'
================================================================
+ General Information: 
    * Date:           Tue Apr 30 20:15:59 2024
    * Version:        2020.2 (Build 3064766 on Wed Nov 18 09:12:47 MST 2020)
    * Project:        norm_float
    * Solution:       solution1 (Vivado IP Flow Target)
    * Product family: zynq
    * Target device:  xc7z020-clg400-1
    

+ Performance & Resource Estimates: 
    
    PS: '+' for module; 'o' for loop; '*' for dataflow
    +--------------+------+-------+---------+---------+----------+---------+------+----------+------+----+----------+-----------+-----+
    |    Modules   | Issue|       | Latency | Latency | Iteration|         | Trip |          |      |    |          |           |     |
    |    & Loops   | Type | Slack | (cycles)|   (ns)  |  Latency | Interval| Count| Pipelined| BRAM | DSP|    FF    |    LUT    | URAM|
    +--------------+------+-------+---------+---------+----------+---------+------+----------+------+----+----------+-----------+-----+
    |+ norm_float  |     -|  -1.22|       15|  150.000|         -|       16|     -|        no|     -|   -|  49 (~0%)|  101 (~0%)|    -|
    +--------------+------+-------+---------+---------+----------+---------+------+----------+------+----+----------+-----------+-----+

