

================================================================
== Synthesis Summary Report of 'axi_cut_zeroes'
================================================================
+ General Information: 
    * Date:           Mon Jun 10 20:53:10 2024
    * Version:        2020.2 (Build 3064766 on Wed Nov 18 09:12:47 MST 2020)
    * Project:        axi_cut_zeroes
    * Solution:       solution1 (Vivado IP Flow Target)
    * Product family: zynq
    * Target device:  xc7z020-clg400-1
    

+ Performance & Resource Estimates: 
    
    PS: '+' for module; 'o' for loop; '*' for dataflow
    +------------------+------+-------+---------+-----------+----------+---------+------+----------+------+----+----------+-----------+-----+
    |      Modules     | Issue|       | Latency |  Latency  | Iteration|         | Trip |          |      |    |          |           |     |
    |      & Loops     | Type | Slack | (cycles)|    (ns)   |  Latency | Interval| Count| Pipelined| BRAM | DSP|    FF    |    LUT    | URAM|
    +------------------+------+-------+---------+-----------+----------+---------+------+----------+------+----+----------+-----------+-----+
    |+ axi_cut_zeroes  |     -|  -4.70|     1027|  1.027e+04|         -|     1028|     -|        no|     -|   -|  51 (~0%)|  123 (~0%)|    -|
    | o loop_stream    |     -|  -7.30|     1025|  1.025e+04|         3|        1|  1024|       yes|     -|   -|         -|          -|    -|
    +------------------+------+-------+---------+-----------+----------+---------+------+----------+------+----+----------+-----------+-----+

