

================================================================
== Synthesis Summary Report of 'axi_bottle'
================================================================
+ General Information: 
    * Date:           Tue Jun 11 18:51:35 2024
    * Version:        2020.2 (Build 3064766 on Wed Nov 18 09:12:47 MST 2020)
    * Project:        axi_bottle
    * Solution:       solution1 (Vivado IP Flow Target)
    * Product family: zynq
    * Target device:  xc7z020-clg400-1
    

+ Performance & Resource Estimates: 
    
    PS: '+' for module; 'o' for loop; '*' for dataflow
    +--------------------+------+-------+---------+-----------+----------+---------+------+----------+------+----+----------+-----------+-----+
    |       Modules      | Issue|       | Latency |  Latency  | Iteration|         | Trip |          |      |    |          |           |     |
    |       & Loops      | Type | Slack | (cycles)|    (ns)   |  Latency | Interval| Count| Pipelined| BRAM | DSP|    FF    |    LUT    | URAM|
    +--------------------+------+-------+---------+-----------+----------+---------+------+----------+------+----+----------+-----------+-----+
    |+ axi_bottle        |     -|  -5.42|     1027|  1.027e+04|         -|     1028|     -|        no|     -|   -|  83 (~0%)|  114 (~0%)|    -|
    | o VITIS_LOOP_11_1  |     -|  -7.30|     1025|  1.025e+04|         3|        1|  1024|       yes|     -|   -|         -|          -|    -|
    +--------------------+------+-------+---------+-----------+----------+---------+------+----------+------+----+----------+-----------+-----+

